Benchmarking Strain-Guided Pipeline at N=16...
Benchmarking SA at N=16...
Benchmarking GA at N=16...
Benchmarking PSO at N=16...
Benchmarking AP-Only at N=16...
Benchmarking PGD-Baseline at N=16...
Benchmarking Strain-Guided Pipeline at N=64...
Benchmarking SA at N=64...
Benchmarking GA at N=64...
Benchmarking PSO at N=64...
Benchmarking AP-Only at N=64...
Benchmarking PGD-Baseline at N=64...
Benchmarking Strain-Guided Pipeline at N=256...
Benchmarking SA at N=256...
Benchmarking GA at N=256...
Benchmarking PSO at N=256...
Benchmarking AP-Only at N=256...
Benchmarking PGD-Baseline at N=256...
Benchmarking Strain-Guided Pipeline at N=1024...
Benchmarking SA at N=1024...
Benchmarking GA at N=1024...
Benchmarking PSO at N=1024...
Benchmarking AP-Only at N=1024...
Benchmarking PGD-Baseline at N=1024...
Saved Comprehensive Scaling benchmark data.
