Running Fixed Baseline...
Running Random Basin Hopping...
Running Periodic Scan...
Running Stagnation Escapement...
Running Probe-Based Diversity...
Running Simulated Annealing...
Running Hill Climbing...
Running Gain-Biased SA (Proposed)...
Main benchmark completed.
Scaling check: Fixed Baseline at N=64...
Scaling check: Stagnation Escapement at N=64...
Scaling check: Probe-Based Diversity at N=64...
Scaling check: Gain-Biased SA (Proposed) at N=64...
Scaling check: Fixed Baseline at N=256...
Scaling check: Stagnation Escapement at N=256...
Scaling check: Probe-Based Diversity at N=256...
Scaling check: Gain-Biased SA (Proposed) at N=256...
Scaling check: Fixed Baseline at N=1024...
Scaling check: Stagnation Escapement at N=1024...
Scaling check: Probe-Based Diversity at N=1024...
Scaling check: Gain-Biased SA (Proposed) at N=1024...
Scaling benchmark completed.
